Debug: Creating database tables...
Debug: Tables created successfully
绠＄悊鍛樼敤鎴峰凡瀛樺湪锛岃烦杩囧垱寤?

================================================================================
馃搳 娴嬭瘯鐪熷疄鍛ㄦ姤鐢熸垚
================================================================================

馃搮 鏈懆鏃堕棿鑼冨洿: 2025-11-10 鑷?2025-11-16
   (2025骞?1鏈?0鏃?- 11鏈?6鏃?

馃搵 浠诲姟閰嶇疆:
  - 鐢ㄦ埛ID: 1
  - 鎶ュ憡绫诲瀷: weekly
  - 妯″瀷: glm-4-flash
  - AI棰勫垎鏋? 绂佺敤

馃殌 寮€濮嬫墽琛屽伐浣滄祦...
--------------------------------------------------------------------------------
鉁?鏅鸿氨AI鏈嶅姟鍒濆鍖栨垚鍔?- 妯″瀷: dummy
[鏁版嵁鏌ヨ] 寮€濮嬪噯澶囪祫浜ф暟鎹? 2025-11-10 鑷?2025-11-16
[鏁版嵁鏌ヨ] 鍥哄畾璧勪骇鏁伴噺: 1
[鏁版嵁鏌ヨ] 鏀跺叆璁板綍鏁伴噺: 0
[鏁版嵁鏌ヨ] 铏氭嫙璧勪骇椤圭洰鏁伴噺: 1
[鏁版嵁缁熻] 娲昏穬: 1, 杩囨湡: 0, 鏈紑濮? 0
[鏁版嵁缁熻] 鍒╃敤鐜? 30.43%, 娴垂鐜? 0.00%
鉁?鏅鸿氨AI鏈嶅姟鍒濆鍖栨垚鍔?- 妯″瀷: dummy
鉁?鏅鸿氨AI鏈嶅姟鍒濆鍖栨垚鍔?- 妯″瀷: dummy
[涓婃湡鏌ヨ] 璁＄畻涓婃湡鏃堕棿: 2025-11-03 鑷?2025-11-09
[鏁版嵁鏌ヨ] 寮€濮嬪噯澶囪祫浜ф暟鎹? 2025-11-03 鑷?2025-11-09
[鏁版嵁鏌ヨ] 鍥哄畾璧勪骇鏁伴噺: 1
[鏁版嵁鏌ヨ] 鏀跺叆璁板綍鏁伴噺: 2
[鏁版嵁鏌ヨ] 铏氭嫙璧勪骇椤圭洰鏁伴噺: 1
[鏁版嵁缁熻] 娲昏穬: 1, 杩囨湡: 0, 鏈紑濮? 0
[鏁版嵁缁熻] 鍒╃敤鐜? 30.43%, 娴垂鐜? 0.00%
鉁?鏅鸿氨AI鏈嶅姟鍒濆鍖栨垚鍔?- 妯″瀷: glm-4-flash

================================================================================
[绗簩闃舵] AI鏁版嵁棰勫垎鏋愬紑濮?
================================================================================
[璺宠繃] AI娲炲療宸茬鐢紝鐩存帴杩涘叆涓嬩竴闃舵
[鎻愮ず] 杩欏皢鑺傜渷涓€娆PI璋冪敤锛岄伩鍏嶉€熺巼闄愬埗

================================================================================
[绗簩闃舵] AI鏁版嵁棰勫垎鏋愮粨鏉?
================================================================================

鉁?鏅鸿氨AI鏈嶅姟鍒濆鍖栨垚鍔?- 妯″瀷: glm-4-flash

################################################################################
# 鍛ㄦ姤鐢熸垚涓夐樁娈垫祦绋嬪紑濮?
# 娉ㄦ剰锛氫腑闂撮樁娈靛叏閮ㄤ娇鐢ㄧ函鏂囨湰鏍煎紡锛屾渶缁堣緭鍑篔SON
################################################################################


================================================================================
[绗竴闃舵] 鏁版嵁鏌ヨ寮€濮?
================================================================================
[鏁版嵁鏌ヨ] 寮€濮嬪噯澶囪祫浜ф暟鎹? 2025-11-10 鑷?2025-11-16
[鏁版嵁鏌ヨ] 鍥哄畾璧勪骇鏁伴噺: 1
[鏁版嵁鏌ヨ] 鏀跺叆璁板綍鏁伴噺: 0
[鏁版嵁鏌ヨ] 铏氭嫙璧勪骇椤圭洰鏁伴噺: 1
[鏁版嵁缁熻] 娲昏穬: 1, 杩囨湡: 0, 鏈紑濮? 0
[鏁版嵁缁熻] 鍒╃敤鐜? 30.43%, 娴垂鐜? 0.00%
鉁?褰撳墠鏈熸暟鎹煡璇㈠畬鎴? 2025-11-10 鑷?2025-11-16
[涓婃湡鏌ヨ] 璁＄畻涓婃湡鏃堕棿: 2025-11-03 鑷?2025-11-09
[鏁版嵁鏌ヨ] 寮€濮嬪噯澶囪祫浜ф暟鎹? 2025-11-03 鑷?2025-11-09
[鏁版嵁鏌ヨ] 鍥哄畾璧勪骇鏁伴噺: 1
[鏁版嵁鏌ヨ] 鏀跺叆璁板綍鏁伴噺: 2
[鏁版嵁鏌ヨ] 铏氭嫙璧勪骇椤圭洰鏁伴噺: 1
[鏁版嵁缁熻] 娲昏穬: 1, 杩囨湡: 0, 鏈紑濮? 0
[鏁版嵁缁熻] 鍒╃敤鐜? 30.43%, 娴垂鐜? 0.00%
鉁?涓婃湡鏁版嵁鏌ヨ瀹屾垚: 2025-11-03 鑷?2025-11-09
================================================================================
[绗竴闃舵] 鏁版嵁鏌ヨ瀹屾垚
================================================================================


[鏂囨湰杞崲] 褰撳墠鏈熸暟鎹浆鎹㈠畬鎴? 491 瀛楃
[瀵规瘮鍒嗘瀽] 鐢熸垚瀵规瘮鏂囨湰: 196 瀛楃

[鏂囨湰棰勮]
銆愭姤鍛婃湡闂淬€?025-11-10 鑷?2025-11-16 (鍏?澶?

銆愬浐瀹氳祫浜с€?
- 璧勪骇鎬绘暟: 1椤?
- 鍘熷鎬诲€? 楼100,000.00
- 褰撳墠鎬诲€? 楼100,000.00
- 绱鎶樻棫: 楼0.00
- 鎶樻棫鐜? 0.0%
- 鏈熼棿鏀跺叆: 楼0.00
- 鍒嗙被鏄庣粏: 1涓垎绫?
  * 鍥哄畾璧勪骇: 1椤? 褰撳墠浠峰€悸?00,000.00
- 璧勪骇鐘舵€?
  * 浣跨敤涓? 1椤?

銆愯櫄鎷熻祫浜э紙棰勪粯鏉冪泭锛夈€?
- 椤圭洰鎬绘暟: 1椤?
- 鎬绘姇鍏? 楼1,000.00
- 娲昏穬椤圭洰: 1椤? 鍓╀綑浠峰€悸?95.74
- 杩囨湡椤圭洰: 0椤? 娴垂浠峰€悸?.00
- 鏈紑濮? 0椤? 浠峰€悸?.00
- 鍒╃敤鐜? 30.43%
- 娴垂鐜? 0.0%
- 铏氭嫙璧勪骇鍒嗙被: 1涓垎绫?
  * 濞变箰浼戦棽: 1椤? 鎬绘姇鍏ヂ?,000.00, 娴垂楼0.00

銆愮患鍚堣鍥俱€?
- 鏈夊舰璧勪骇浠峰€? 楼100,000.00
- 娲昏穬鏉冪泭浠峰€? 楼695.74
- 鏈紑濮嬫潈鐩? 楼0.00
- 缁煎悎娲昏穬浠峰€? 楼100,695.74
- 璇存槑: 鏈夊舰璧勪骇+娲昏穬鏉冪泭锛屼笉鍖呮嫭鏈紑濮嬮」鐩?

銆愪笂鏈熸暟鎹姣?..


================================================================================
[绗簩闃舵] AI鏁版嵁棰勫垎鏋愬紑濮?
================================================================================
[璺宠繃] AI娲炲療宸茬鐢紝鐩存帴杩涘叆涓嬩竴闃舵
[鎻愮ず] 杩欏皢鑺傜渷涓€娆PI璋冪敤锛岄伩鍏嶉€熺巼闄愬埗

================================================================================
[绗簩闃舵] AI鏁版嵁棰勫垎鏋愮粨鏉?
================================================================================


================================================================================
[绗笁闃舵] 鎶ュ憡鐢熸垚寮€濮?
================================================================================
[Prompt鐗堟湰] 6.0.0

[鎶ュ憡Prompt] Prompt闀垮害: 1843 瀛楃

[Prompt瀹屾暣鍐呭]
浣犳槸璧勬繁璐㈠瘜鍒嗘瀽甯堛€傚熀浜庣湡瀹炴暟鎹敓鎴怣arkdown鍛ㄦ姤銆?

瀵规瘮鍒嗘瀽锛氫笂鏈?2025-11-03~2025-11-09) vs 鏈湡(2025-11-10~2025-11-16)
鍥哄畾璧勪骇锛毬?00,000(涓婃湡楼100,000) 鏀跺叆锛毬?(涓婃湡楼12,000)
铏氭嫙璧勪骇锛氬埄鐢ㄧ巼30.4%(涓婃湡30.4%) 娴垂鐜?.0%(涓婃湡0.0%)
瑕佹眰锛氱敤馃搱馃搲鉃★笍鏍囪瓒嬪娍锛岀敤馃煝馃煛馃敶鏍囪鐘舵€侊紝璁＄畻鍙樺寲%锛屽垎鏋愬師鍥犲拰棰勬祴

鏁版嵁锛?
銆愭姤鍛婃湡闂淬€?025-11-10 鑷?2025-11-16 (鍏?澶?

銆愬浐瀹氳祫浜с€?
- 璧勪骇鎬绘暟: 1椤?
- 鍘熷鎬诲€? 楼100,000.00
- 褰撳墠鎬诲€? 楼100,000.00
- 绱鎶樻棫: 楼0.00
- 鎶樻棫鐜? 0.0%
- 鏈熼棿鏀跺叆: 楼0.00
- 鍒嗙被鏄庣粏: 1涓垎绫?
  * 鍥哄畾璧勪骇: 1椤? 褰撳墠浠峰€悸?00,000.00
- 璧勪骇鐘舵€?
  * 浣跨敤涓? 1椤?

銆愯櫄鎷熻祫浜э紙棰勪粯鏉冪泭锛夈€?
- 椤圭洰鎬绘暟: 1椤?
- 鎬绘姇鍏? 楼1,000.00
- 娲昏穬椤圭洰: 1椤? 鍓╀綑浠峰€悸?95.74
- 杩囨湡椤圭洰: 0椤? 娴垂浠峰€悸?.00
- 鏈紑濮? 0椤? 浠峰€悸?.00
- 鍒╃敤鐜? 30.43%
- 娴垂鐜? 0.0%
- 铏氭嫙璧勪骇鍒嗙被: 1涓垎绫?
  * 濞变箰浼戦棽: 1椤? 鎬绘姇鍏ヂ?,000.00, 娴垂楼0.00

銆愮患鍚堣鍥俱€?
- 鏈夊舰璧勪骇浠峰€? 楼100,000.00
- 娲昏穬鏉冪泭浠峰€? 楼695.74
- 鏈紑濮嬫潈鐩? 楼0.00
- 缁煎悎娲昏穬浠峰€? 楼100,695.74
- 璇存槑: 鏈夊舰璧勪骇+娲昏穬鏉冪泭锛屼笉鍖呮嫭鏈紑濮嬮」鐩?

銆愪笂鏈熸暟鎹姣斻€?

鍥哄畾璧勪骇鍙樺寲:
- 褰撳墠鎬诲€? 楼100,000.00 (涓婃湡楼100,000.00, +0.0%)
- 鏈熼棿鏀跺叆: 楼0.00 (涓婃湡楼12,000.00, -100.0%)

铏氭嫙璧勪骇鍙樺寲:
- 鍒╃敤鐜? 30.4% (涓婃湡30.4%, +0.0%)
- 娴垂鐜? 0.0% (涓婃湡0.0%, +0.0%)
- 娴垂閲戦: 楼0.00 (涓婃湡楼0.00, +0.00)

鏍稿績瑕佹眰锛?
1. 鐢ㄧ湡瀹炴暟鎹紝绂佹XX鍗犱綅绗?
2. 鐢╡moji馃搳琛ㄦ牸杩涘害鏉?
3. 瀵规瘮鍒嗘瀽锛屾爣璁板彉鍖栬秼鍔?
4. 缁欏嚭鍙墽琛屽缓璁?
5. 琛ㄦ牸鏍煎紡锛氭瘡涓獆鍓嶅悗蹇呴』鏈夌┖鏍硷紝琛ㄦ牸鍓嶅悗蹇呴』鏈夌┖琛?

鎶ュ憡缁撴瀯

# 馃搱 璧勪骇鍛ㄦ姤(2025-11-10~2025-11-16)

## 馃搵 鎵ц鎽樿

鏍稿績鍙戠幇锛歔鏈€閲嶈鍙戠幇+鏁板瓧]

鏈懆姒傝锛?
馃挵鍥哄畾璧勪骇1椤孤?00,000 馃挼鏀跺叆楼0
馃挸铏氭嫙璧勪骇1椤?鍒╃敤鐜?0.4% 娴垂鐜?.0% 娴垂楼0

鍏抽敭鍙樺寲锛歔2-3涓彉鍖?emoji+鏁板瓧+瓒嬪娍]

---

## 馃幆 鏍稿績鎸囨爣

| 鎸囨爣 | 鏈湡 | 涓婃湡 | 鍙樺寲 | 瓒嬪娍 |
|------|------|------|------|------|
| 馃挵鍥哄畾璧勪骇 | [瀹為檯鏁板€糫 | [瀹為檯鏁板€糫 | [璁＄畻%] | 馃搱馃搲鉃★笍 |
| 馃挼鏀跺叆 | [瀹為檯鏁板€糫 | [瀹為檯鏁板€糫 | [璁＄畻%] | 馃搱馃搲鉃★笍 |
| 馃搳鍒╃敤鐜?| [瀹為檯鏁板€糫 | [瀹為檯鏁板€糫 | [璁＄畻%] | 馃煝馃煛馃敶 |
| 馃敶娴垂鐜?| [瀹為檯鏁板€糫 | [瀹為檯鏁板€糫 | [璁＄畻%] | 馃煝馃煛馃敶 |

[鍒嗘瀽2涓叧閿彂鐜癩

## 馃彔 鍥哄畾璧勪骇

1椤?楼100,000 鎶樻棫楼0 鏀跺叆楼0

[鍒嗘瀽浣跨敤鐘跺喌鍜屾敹鐩婂彉鍖朷

---

## 馃挸 铏氭嫙璧勪骇

鎶曞叆楼1,000 娲昏穬1椤?杩囨湡0椤规氮璐孤?
鍒╃敤鐜?0.4% 娴垂鐜?.0%

**鍒╃敤鐜囧彲瑙嗗寲**锛?
```
宸叉秷鑰?鈻堚枅鈻堚枅鈻堚枅鈻戔枒鈻戔枒 60%
娴垂  鈻堚枅鈻戔枒鈻戔枒鈻戔枒鈻戔枒 20% 馃敶
```
(鐢ㄢ枅琛ㄧず濉厖锛屸枒琛ㄧず绌虹櫧锛屾牴鎹疄闄呮暟鍊艰皟鏁存暟閲?

[鍒嗘瀽鍒╃敤鎯呭喌鍜屾氮璐瑰師鍥犲彉鍖朷

---

## 馃挕 寤鸿

馃敶楂樹紭鍏堢骇锛歔1-2鏉★紝鍚棶棰?鐩爣+琛屽姩璁″垝+棰勬湡]
馃煛涓紭鍏堢骇锛歔1-2鏉

---

## 馃搱 瓒嬪娍棰勬祴

鍩轰簬瓒嬪娍涓嬪懆棰勬祴锛歔缁欏嚭2-3涓叧閿寚鏍囬娴嬪€糫

## 馃搶 涓嬪懆鍏虫敞

1. [鍏虫敞鐐?]
2. [鍏虫敞鐐?]

---

馃搮2025-11-10~2025-11-16(7澶? 馃搳鍥哄畾1椤硅櫄鎷?椤?

鈿狅笍閲嶈锛氱敤鐪熷疄鏁版嵁锛岀姝X鍗犱綅绗︼紝鍩轰簬瀹為檯鏁版嵁鍒嗘瀽锛岀洿鎺ヨ緭鍑篗arkdown涓嶈```鏍囪
python : 鈿狅笍 [N8-璐ㄩ噺璇勪及] 瀹屾垚 - 璇勫垎: 64.0/100锛岄渶瑕侀噸璇?
所在位置 行:1 字符: 57
+ ... HONIOENCODING="utf-8"; python test_real_weekly_report.py 2>&1 | Out-F ...
+                            ~~~~~~~~~~~~~~~~~~~~~~~~~~~~~~~~~~~~~~
    + CategoryInfo          : NotSpecified: (鈿狅笍 [N8-璐ㄩ噺璇勪及]...4.0/100锛岄渶瑕侀噸璇?:String) [], RemoteException
    + FullyQualifiedErrorId : NativeCommandError
 


--------------------------------------------------------------------------------

[璋冪敤API] 寮€濮嬬敓鎴愬懆鎶?..

=== 寮€濮嬭皟鐢ˋPI ===
Model: glm-4-flash
Max tokens: 涓嶉檺鍒?
Prompt闀垮害: 1843 瀛楃

[API鍝嶅簲璋冭瘯]
- HTTP鐘舵€佺爜: 200
- 鍝嶅簲choices闀垮害: 1
- finish_reason: stop
鉁?鍝嶅簲姝ｅ父缁撴潫
鉁?API璋冪敤鎴愬姛锛岃繑鍥炲唴瀹归暱搴? 1146 瀛楃

[API鍝嶅簲] 鍛ㄦ姤鍘熷鍝嶅簲闀垮害: 1146 瀛楃

[鍛ㄦ姤Markdown鍐呭棰勮]
# 馃搱 璧勪骇鍛ㄦ姤(2025-11-10~2025-11-16)

## 馃搵 鎵ц鎽樿

鏍稿績鍙戠幇锛氭湰鍛ㄥ浐瀹氳祫浜т环鍊兼湭鍙橈紝鏀跺叆褰掗浂锛涜櫄鎷熻祫浜у埄鐢ㄧ巼鍙婃氮璐圭巼缁存寔绋冲畾銆?

鏈懆姒傝锛?
馃挵鍥哄畾璧勪骇1椤孤?00,000 馃挼鏀跺叆楼0
馃挸铏氭嫙璧勪骇1椤?鍒╃敤鐜?0.4% 娴垂鐜?.0% 娴垂楼0

鍏抽敭鍙樺寲锛?
- 馃搲 鍥哄畾璧勪骇鏀跺叆鍑忓皯鑷陈? (涓婃湡楼12,000)
- 馃煝 铏氭嫙璧勪骇鍒╃敤鐜囩ǔ瀹氬湪30.4%
- 馃煝 铏氭嫙璧勪骇娴垂鐜囩淮鎸佸湪0.0%

---

## 馃幆 鏍稿績鎸囨爣

| 鎸囨爣 | 鏈湡 | 涓婃湡 | 鍙樺寲 | 瓒嬪娍 |
|------|------|------|------|------|
| 馃挵鍥哄畾璧勪骇 | 楼100,000 | 楼100,000 | 0.0% | 馃搲 |
| 馃挼鏀跺叆 | 楼0 | 楼12,000 | -100.0% | 馃搲 |
| 馃搳鍒╃敤鐜?| 30.43% | 30.4% | 0.0% | 馃煝 |
| 馃敶娴垂鐜?| 0.0% | 0.0% | 0.0% | 馃煝 |

[鍒嗘瀽2涓叧閿彂鐜癩
1. 鏈懆鍥哄畾璧勪骇浠峰€兼湭鍙橈紝鏀跺叆鍑忓皯锛岄渶鍏虫敞鏀跺叆鏉ユ簮鐨勭ǔ瀹氭€с€?
2. 铏氭嫙璧勪骇鍒╃敤鐜囧拰娴垂鐜囧潎淇濇寔绋冲畾锛屼絾闇€鎸佺画鍏虫敞铏氭嫙璧勪骇鐨勬姇璧勫洖鎶ャ€?

---

## 馃彔 鍥哄畾璧勪骇

1椤?楼100,000 鎶樻棫楼0 鏀跺叆楼0

[鍒嗘瀽浣跨敤鐘跺喌鍜屾敹鐩婂彉鍖朷
鍥哄畾璧勪骇浠峰€兼湭鍙橈紝鏃犳姌鏃э紝鏀跺叆褰掗浂銆傞渶璇勪及鍥哄畾璧勪骇鐨勪娇鐢ㄦ晥鐜囧強鏀剁泭娼滃姏銆?

---

## 馃挸 铏氭嫙璧勪骇

鎶曞叆楼1,000 娲昏穬1椤?杩囨湡0椤规氮璐孤?
鍒╃敤鐜?0.4% 娴垂鐜?.0%

**鍒╃敤鐜囧彲瑙嗗寲**锛?
```
宸叉秷鑰?鈻堚枅鈻堚枅鈻堚枅鈻戔枒鈻戔枒 60%
娴垂  鈻堚枅鈻戔枒鈻戔枒鈻戔枒鈻戔枒 20% 馃敶
```
(鐢ㄢ枅琛ㄧず濉厖锛屸枒琛ㄧず绌虹櫧锛屾牴鎹疄闄呮暟鍊艰皟鏁存暟閲?

[鍒嗘瀽鍒╃敤鎯呭喌鍜屾氮璐瑰師鍥犲彉鍖朷
铏氭嫙璧勪骇鍒╃敤鐜囩ǔ瀹氾紝鏃犳氮璐癸紝琛ㄧ幇鑹ソ銆備絾闇€鎸佺画鍏虫敞铏氭嫙璧勪骇鐨勬姇璧勫洖鎶ャ€?

---

## 馃挕 寤鸿

馃敶楂樹紭鍏堢骇锛?
1. 璇勪及鏀跺叆鏉ユ簮鐨勭ǔ瀹氭€э紝瀵绘壘鏂扮殑鏀跺叆澧為暱鐐广€?
2. 鎸佺画鍏虫敞铏氭嫙璧勪骇鐨勬姇璧勫洖鎶ワ紝浼樺寲璧勪骇閰嶇疆銆?

馃煛涓紭鍏堢骇锛?
1. 璇勪及鍥哄畾璧勪骇鐨勪娇鐢ㄦ晥鐜囷紝瀵绘壘鎻愰珮鏀剁泭鐨勯€斿緞銆?
2. 瀹氭湡瀹℃煡铏氭嫙璧勪骇缁勫悎锛岀‘淇濅笌鎶曡祫鐩爣涓€鑷淬€?

---

## 馃搱 瓒嬪娍棰勬祴

鍩轰簬瓒嬪娍涓嬪懆棰勬祴锛?
- 鍥哄畾璧勪骇浠峰€肩淮鎸佺ǔ瀹氥€?
- 铏氭嫙璧勪骇鍒╃敤鐜囩淮鎸?...

--------------------------------------------------------------------------------
[鍥捐〃鏁版嵁] 宸茬敓鎴?涓浘琛?
[鍥捐〃鏁版嵁璇︽儏]
  - asset_allocation_pie: 2椤?
    绀轰緥: {'name': '鍥哄畾璧勪骇', 'value': 100000.0}
  - health_score_radar: 4椤?
    绀轰緥: {'dimension': '鍥哄畾璧勪骇', 'score': 25.0}
  - fixed_asset_categories: 1椤?
    绀轰緥: {'category': '鍥哄畾璧勪骇', 'value': 100000.0}
  - virtual_asset_utilization: 1椤?
    绀轰緥: {'category': '濞变箰浼戦棽', 'utilization': 100.0, 'waste': 0.0}

================================================================================
[绗笁闃舵] 鎶ュ憡鐢熸垚瀹屾垚 - 鏂囨湰鏍煎紡
================================================================================

################################################################################
# 鍛ㄦ姤鐢熸垚涓夐樁娈垫祦绋嬬粨鏉?
################################################################################

鉁?鏅鸿氨AI鏈嶅姟鍒濆鍖栨垚鍔?- 妯″瀷: glm-4-flash

################################################################################
# 鍛ㄦ姤鐢熸垚涓夐樁娈垫祦绋嬪紑濮?
# 娉ㄦ剰锛氫腑闂撮樁娈靛叏閮ㄤ娇鐢ㄧ函鏂囨湰鏍煎紡锛屾渶缁堣緭鍑篔SON
################################################################################


================================================================================
[绗竴闃舵] 鏁版嵁鏌ヨ寮€濮?
================================================================================
[鏁版嵁鏌ヨ] 寮€濮嬪噯澶囪祫浜ф暟鎹? 2025-11-10 鑷?2025-11-16
[鏁版嵁鏌ヨ] 鍥哄畾璧勪骇鏁伴噺: 1
[鏁版嵁鏌ヨ] 鏀跺叆璁板綍鏁伴噺: 0
[鏁版嵁鏌ヨ] 铏氭嫙璧勪骇椤圭洰鏁伴噺: 1
[鏁版嵁缁熻] 娲昏穬: 1, 杩囨湡: 0, 鏈紑濮? 0
[鏁版嵁缁熻] 鍒╃敤鐜? 30.43%, 娴垂鐜? 0.00%
鉁?褰撳墠鏈熸暟鎹煡璇㈠畬鎴? 2025-11-10 鑷?2025-11-16
[涓婃湡鏌ヨ] 璁＄畻涓婃湡鏃堕棿: 2025-11-03 鑷?2025-11-09
[鏁版嵁鏌ヨ] 寮€濮嬪噯澶囪祫浜ф暟鎹? 2025-11-03 鑷?2025-11-09
[鏁版嵁鏌ヨ] 鍥哄畾璧勪骇鏁伴噺: 1
[鏁版嵁鏌ヨ] 鏀跺叆璁板綍鏁伴噺: 2
[鏁版嵁鏌ヨ] 铏氭嫙璧勪骇椤圭洰鏁伴噺: 1
[鏁版嵁缁熻] 娲昏穬: 1, 杩囨湡: 0, 鏈紑濮? 0
[鏁版嵁缁熻] 鍒╃敤鐜? 30.43%, 娴垂鐜? 0.00%
鉁?涓婃湡鏁版嵁鏌ヨ瀹屾垚: 2025-11-03 鑷?2025-11-09
================================================================================
[绗竴闃舵] 鏁版嵁鏌ヨ瀹屾垚
================================================================================


[鏂囨湰杞崲] 褰撳墠鏈熸暟鎹浆鎹㈠畬鎴? 491 瀛楃
[瀵规瘮鍒嗘瀽] 鐢熸垚瀵规瘮鏂囨湰: 196 瀛楃

[鏂囨湰棰勮]
銆愭姤鍛婃湡闂淬€?025-11-10 鑷?2025-11-16 (鍏?澶?

銆愬浐瀹氳祫浜с€?
- 璧勪骇鎬绘暟: 1椤?
- 鍘熷鎬诲€? 楼100,000.00
- 褰撳墠鎬诲€? 楼100,000.00
- 绱鎶樻棫: 楼0.00
- 鎶樻棫鐜? 0.0%
- 鏈熼棿鏀跺叆: 楼0.00
- 鍒嗙被鏄庣粏: 1涓垎绫?
  * 鍥哄畾璧勪骇: 1椤? 褰撳墠浠峰€悸?00,000.00
- 璧勪骇鐘舵€?
  * 浣跨敤涓? 1椤?

銆愯櫄鎷熻祫浜э紙棰勪粯鏉冪泭锛夈€?
- 椤圭洰鎬绘暟: 1椤?
- 鎬绘姇鍏? 楼1,000.00
- 娲昏穬椤圭洰: 1椤? 鍓╀綑浠峰€悸?95.74
- 杩囨湡椤圭洰: 0椤? 娴垂浠峰€悸?.00
- 鏈紑濮? 0椤? 浠峰€悸?.00
- 鍒╃敤鐜? 30.43%
- 娴垂鐜? 0.0%
- 铏氭嫙璧勪骇鍒嗙被: 1涓垎绫?
  * 濞变箰浼戦棽: 1椤? 鎬绘姇鍏ヂ?,000.00, 娴垂楼0.00

銆愮患鍚堣鍥俱€?
- 鏈夊舰璧勪骇浠峰€? 楼100,000.00
- 娲昏穬鏉冪泭浠峰€? 楼695.74
- 鏈紑濮嬫潈鐩? 楼0.00
- 缁煎悎娲昏穬浠峰€? 楼100,695.74
- 璇存槑: 鏈夊舰璧勪骇+娲昏穬鏉冪泭锛屼笉鍖呮嫭鏈紑濮嬮」鐩?

銆愪笂鏈熸暟鎹姣?..


================================================================================
[绗簩闃舵] AI鏁版嵁棰勫垎鏋愬紑濮?
================================================================================
[璺宠繃] AI娲炲療宸茬鐢紝鐩存帴杩涘叆涓嬩竴闃舵
[鎻愮ず] 杩欏皢鑺傜渷涓€娆PI璋冪敤锛岄伩鍏嶉€熺巼闄愬埗

================================================================================
[绗簩闃舵] AI鏁版嵁棰勫垎鏋愮粨鏉?
================================================================================


================================================================================
[绗笁闃舵] 鎶ュ憡鐢熸垚寮€濮?
================================================================================
[Prompt鐗堟湰] 6.0.0

[鎶ュ憡Prompt] Prompt闀垮害: 1843 瀛楃

[Prompt瀹屾暣鍐呭]
浣犳槸璧勬繁璐㈠瘜鍒嗘瀽甯堛€傚熀浜庣湡瀹炴暟鎹敓鎴怣arkdown鍛ㄦ姤銆?

瀵规瘮鍒嗘瀽锛氫笂鏈?2025-11-03~2025-11-09) vs 鏈湡(2025-11-10~2025-11-16)
鍥哄畾璧勪骇锛毬?00,000(涓婃湡楼100,000) 鏀跺叆锛毬?(涓婃湡楼12,000)
铏氭嫙璧勪骇锛氬埄鐢ㄧ巼30.4%(涓婃湡30.4%) 娴垂鐜?.0%(涓婃湡0.0%)
瑕佹眰锛氱敤馃搱馃搲鉃★笍鏍囪瓒嬪娍锛岀敤馃煝馃煛馃敶鏍囪鐘舵€侊紝璁＄畻鍙樺寲%锛屽垎鏋愬師鍥犲拰棰勬祴

鏁版嵁锛?
銆愭姤鍛婃湡闂淬€?025-11-10 鑷?2025-11-16 (鍏?澶?

銆愬浐瀹氳祫浜с€?
- 璧勪骇鎬绘暟: 1椤?
- 鍘熷鎬诲€? 楼100,000.00
- 褰撳墠鎬诲€? 楼100,000.00
- 绱鎶樻棫: 楼0.00
- 鎶樻棫鐜? 0.0%
- 鏈熼棿鏀跺叆: 楼0.00
- 鍒嗙被鏄庣粏: 1涓垎绫?
  * 鍥哄畾璧勪骇: 1椤? 褰撳墠浠峰€悸?00,000.00
- 璧勪骇鐘舵€?
  * 浣跨敤涓? 1椤?

銆愯櫄鎷熻祫浜э紙棰勪粯鏉冪泭锛夈€?
- 椤圭洰鎬绘暟: 1椤?
- 鎬绘姇鍏? 楼1,000.00
- 娲昏穬椤圭洰: 1椤? 鍓╀綑浠峰€悸?95.74
- 杩囨湡椤圭洰: 0椤? 娴垂浠峰€悸?.00
- 鏈紑濮? 0椤? 浠峰€悸?.00
- 鍒╃敤鐜? 30.43%
- 娴垂鐜? 0.0%
- 铏氭嫙璧勪骇鍒嗙被: 1涓垎绫?
  * 濞变箰浼戦棽: 1椤? 鎬绘姇鍏ヂ?,000.00, 娴垂楼0.00

銆愮患鍚堣鍥俱€?
- 鏈夊舰璧勪骇浠峰€? 楼100,000.00
- 娲昏穬鏉冪泭浠峰€? 楼695.74
- 鏈紑濮嬫潈鐩? 楼0.00
- 缁煎悎娲昏穬浠峰€? 楼100,695.74
- 璇存槑: 鏈夊舰璧勪骇+娲昏穬鏉冪泭锛屼笉鍖呮嫭鏈紑濮嬮」鐩?

銆愪笂鏈熸暟鎹姣斻€?

鍥哄畾璧勪骇鍙樺寲:
- 褰撳墠鎬诲€? 楼100,000.00 (涓婃湡楼100,000.00, +0.0%)
- 鏈熼棿鏀跺叆: 楼0.00 (涓婃湡楼12,000.00, -100.0%)

铏氭嫙璧勪骇鍙樺寲:
- 鍒╃敤鐜? 30.4% (涓婃湡30.4%, +0.0%)
- 娴垂鐜? 0.0% (涓婃湡0.0%, +0.0%)
- 娴垂閲戦: 楼0.00 (涓婃湡楼0.00, +0.00)

鏍稿績瑕佹眰锛?
1. 鐢ㄧ湡瀹炴暟鎹紝绂佹XX鍗犱綅绗?
2. 鐢╡moji馃搳琛ㄦ牸杩涘害鏉?
3. 瀵规瘮鍒嗘瀽锛屾爣璁板彉鍖栬秼鍔?
4. 缁欏嚭鍙墽琛屽缓璁?
5. 琛ㄦ牸鏍煎紡锛氭瘡涓獆鍓嶅悗蹇呴』鏈夌┖鏍硷紝琛ㄦ牸鍓嶅悗蹇呴』鏈夌┖琛?

鎶ュ憡缁撴瀯

# 馃搱 璧勪骇鍛ㄦ姤(2025-11-10~2025-11-16)

## 馃搵 鎵ц鎽樿

鏍稿績鍙戠幇锛歔鏈€閲嶈鍙戠幇+鏁板瓧]

鏈懆姒傝锛?
馃挵鍥哄畾璧勪骇1椤孤?00,000 馃挼鏀跺叆楼0
馃挸铏氭嫙璧勪骇1椤?鍒╃敤鐜?0.4% 娴垂鐜?.0% 娴垂楼0

鍏抽敭鍙樺寲锛歔2-3涓彉鍖?emoji+鏁板瓧+瓒嬪娍]

---

## 馃幆 鏍稿績鎸囨爣

| 鎸囨爣 | 鏈湡 | 涓婃湡 | 鍙樺寲 | 瓒嬪娍 |
|------|------|------|------|------|
| 馃挵鍥哄畾璧勪骇 | [瀹為檯鏁板€糫 | [瀹為檯鏁板€糫 | [璁＄畻%] | 馃搱馃搲鉃★笍 |
| 馃挼鏀跺叆 | [瀹為檯鏁板€糫 | [瀹為檯鏁板€糫 | [璁＄畻%] | 馃搱馃搲鉃★笍 |
| 馃搳鍒╃敤鐜?| [瀹為檯鏁板€糫 | [瀹為檯鏁板€糫 | [璁＄畻%] | 馃煝馃煛馃敶 |
| 馃敶娴垂鐜?| [瀹為檯鏁板€糫 | [瀹為檯鏁板€糫 | [璁＄畻%] | 馃煝馃煛馃敶 |

[鍒嗘瀽2涓叧閿彂鐜癩

## 馃彔 鍥哄畾璧勪骇

1椤?楼100,000 鎶樻棫楼0 鏀跺叆楼0

[鍒嗘瀽浣跨敤鐘跺喌鍜屾敹鐩婂彉鍖朷

---

## 馃挸 铏氭嫙璧勪骇

鎶曞叆楼1,000 娲昏穬1椤?杩囨湡0椤规氮璐孤?
鍒╃敤鐜?0.4% 娴垂鐜?.0%

**鍒╃敤鐜囧彲瑙嗗寲**锛?
```
宸叉秷鑰?鈻堚枅鈻堚枅鈻堚枅鈻戔枒鈻戔枒 60%
娴垂  鈻堚枅鈻戔枒鈻戔枒鈻戔枒鈻戔枒 20% 馃敶
```
(鐢ㄢ枅琛ㄧず濉厖锛屸枒琛ㄧず绌虹櫧锛屾牴鎹疄闄呮暟鍊艰皟鏁存暟閲?

[鍒嗘瀽鍒╃敤鎯呭喌鍜屾氮璐瑰師鍥犲彉鍖朷

---

## 馃挕 寤鸿

馃敶楂樹紭鍏堢骇锛歔1-2鏉★紝鍚棶棰?鐩爣+琛屽姩璁″垝+棰勬湡]
馃煛涓紭鍏堢骇锛歔1-2鏉

---

## 馃搱 瓒嬪娍棰勬祴

鍩轰簬瓒嬪娍涓嬪懆棰勬祴锛歔缁欏嚭2-3涓叧閿寚鏍囬娴嬪€糫

## 馃搶 涓嬪懆鍏虫敞

1. [鍏虫敞鐐?]
2. [鍏虫敞鐐?]

---

馃搮2025-11-10~2025-11-16(7澶? 馃搳鍥哄畾1椤硅櫄鎷?椤?

鈿狅笍閲嶈锛氱敤鐪熷疄鏁版嵁锛岀姝X鍗犱綅绗︼紝鍩轰簬瀹為檯鏁版嵁鍒嗘瀽锛岀洿鎺ヨ緭鍑篗arkdown涓嶈```鏍囪
鈿狅笍 [N8-璐ㄩ噺璇勪及] 瀹屾垚 - 璇勫垎: 64.0/100锛岄渶瑕侀噸璇?


--------------------------------------------------------------------------------

[璋冪敤API] 寮€濮嬬敓鎴愬懆鎶?..

=== 寮€濮嬭皟鐢ˋPI ===
Model: glm-4-flash
Max tokens: 涓嶉檺鍒?
Prompt闀垮害: 1843 瀛楃

[API鍝嶅簲璋冭瘯]
- HTTP鐘舵€佺爜: 200
- 鍝嶅簲choices闀垮害: 1
- finish_reason: stop
鉁?鍝嶅簲姝ｅ父缁撴潫
鉁?API璋冪敤鎴愬姛锛岃繑鍥炲唴瀹归暱搴? 1139 瀛楃

[API鍝嶅簲] 鍛ㄦ姤鍘熷鍝嶅簲闀垮害: 1139 瀛楃

[鍛ㄦ姤Markdown鍐呭棰勮]
# 馃搱 璧勪骇鍛ㄦ姤(2025-11-10~2025-11-16)

## 馃搵 鎵ц鎽樿

鏍稿績鍙戠幇锛氭湰鍛ㄥ浐瀹氳祫浜т环鍊间繚鎸佷笉鍙橈紝鏀跺叆涓洪浂锛涜櫄鎷熻祫浜у埄鐢ㄧ巼淇濇寔绋冲畾锛屾棤娴垂銆?

鏈懆姒傝锛?
馃挵鍥哄畾璧勪骇1椤孤?00,000 馃挼鏀跺叆楼0
馃挸铏氭嫙璧勪骇1椤?鍒╃敤鐜?0.4% 娴垂鐜?.0% 娴垂楼0

鍏抽敭鍙樺寲锛?
- 馃搲鍥哄畾璧勪骇浠峰€兼棤鍙樺寲锛屼繚鎸伮?00,000 (馃搲)
- 馃挼鏀跺叆杈冧笂鏈熷噺灏?00%锛屼粠楼12,000闄嶈嚦楼0 (馃搲)
- 馃煝铏氭嫙璧勪骇鍒╃敤鐜囦繚鎸?0.4%锛屾棤鍙樺寲 (馃煝)

---

## 馃幆 鏍稿績鎸囨爣

| 鎸囨爣 | 鏈湡 | 涓婃湡 | 鍙樺寲 | 瓒嬪娍 |
|------|------|------|------|------|
| 馃挵鍥哄畾璧勪骇 | 楼100,000 | 楼100,000 | 0.0% | 馃搲 |
| 馃挼鏀跺叆 | 楼0 | 楼12,000 | -100.0% | 馃搲 |
| 馃搳鍒╃敤鐜?| 30.4% | 30.4% | 0.0% | 馃煝 |
| 馃敶娴垂鐜?| 0.0% | 0.0% | 0.0% | 馃煝 |

[鍒嗘瀽2涓叧閿彂鐜癩
- 鍥哄畾璧勪骇浠峰€间繚鎸佺ǔ瀹氾紝浣嗘敹鍏ュぇ骞呭噺灏戯紝闇€鍏虫敞鏀跺叆鏉ユ簮銆?
- 铏氭嫙璧勪骇鍒╃敤鐜囩ǔ瀹氾紝鏃犳氮璐癸紝琛ㄧ幇鑹ソ銆?

---

## 馃彔 鍥哄畾璧勪骇

1椤?楼100,000 鎶樻棫楼0 鏀跺叆楼0

[鍒嗘瀽浣跨敤鐘跺喌鍜屾敹鐩婂彉鍖朷
鍥哄畾璧勪骇浠峰€兼棤鍙樺寲锛屼絾鏀跺叆杈冧笂鏈熷噺灏?00%锛岄渶杩涗竴姝ヨ皟鏌ユ敹鍏ュ噺灏戠殑鍘熷洜銆?

---

## 馃挸 铏氭嫙璧勪骇

鎶曞叆楼1,000 娲昏穬1椤?杩囨湡0椤规氮璐孤?
鍒╃敤鐜?0.4% 娴垂鐜?.0%

**鍒╃敤鐜囧彲瑙嗗寲**锛?
```
宸叉秷鑰?鈻堚枅鈻堚枅鈻堚枅鈻戔枒鈻戔枒 60%
娴垂  鈻堚枅鈻戔枒鈻戔枒鈻戔枒鈻戔枒 20% 馃敶
```
(鐢ㄢ枅琛ㄧず濉厖锛屸枒琛ㄧず绌虹櫧锛屾牴鎹疄闄呮暟鍊艰皟鏁存暟閲?

[鍒嗘瀽鍒╃敤鎯呭喌鍜屾氮璐瑰師鍥犲彉鍖朷
铏氭嫙璧勪骇鍒╃敤鐜囦繚鎸佺ǔ瀹氾紝鏃犳氮璐癸紝琛ㄧ幇鑹ソ銆?

---

## 馃挕 寤鸿

馃敶楂樹紭鍏堢骇锛?
- 璋冩煡鏀跺叆鍑忓皯鐨勫師鍥狅紝骞跺埗瀹氱浉搴旂殑鏀跺叆澧為暱绛栫暐銆?
- 瀵瑰浐瀹氳祫浜ц繘琛屽畾鏈熸鏌ワ紝纭繚鍏跺浜庤壇濂界姸鎬併€?

馃煛涓紭鍏堢骇锛?
- 瀵硅櫄鎷熻祫浜ц繘琛屽畾鏈熷璁★紝纭繚鍏跺埄鐢ㄦ晥鐜囨渶澶у寲銆?

---

## 馃搱 瓒嬪娍棰勬祴

鍩轰簬瓒嬪娍涓嬪懆棰勬祴锛?
- 鍥哄畾璧勪骇浠峰€奸璁′繚鎸佺ǔ瀹氥€?
- 鏀跺叆棰勮灏嗘湁鎵€鍥炲崌锛屼絾鍏蜂綋鏁板€奸渶鏍规嵁瀹為檯鎯呭喌纭畾銆?
- 铏氭嫙璧勪骇鍒╃敤鐜囬璁′繚鎸佺ǔ瀹氥€?..

--------------------------------------------------------------------------------
[鍥捐〃鏁版嵁] 宸茬敓鎴?涓浘琛?
[鍥捐〃鏁版嵁璇︽儏]
  - asset_allocation_pie: 2椤?
    绀轰緥: {'name': '鍥哄畾璧勪骇', 'value': 100000.0}
  - health_score_radar: 4椤?
    绀轰緥: {'dimension': '鍥哄畾璧勪骇', 'score': 25.0}
  - fixed_asset_categories: 1椤?
    绀轰緥: {'category': '鍥哄畾璧勪骇', 'value': 100000.0}
  - virtual_asset_utilization: 1椤?
    绀轰緥: {'category': '濞变箰浼戦棽', 'utilization': 100.0, 'waste': 0.0}

================================================================================
[绗笁闃舵] 鎶ュ憡鐢熸垚瀹屾垚 - 鏂囨湰鏍煎紡
================================================================================

################################################################################
# 鍛ㄦ姤鐢熸垚涓夐樁娈垫祦绋嬬粨鏉?
################################################################################

鉁?鏅鸿氨AI鏈嶅姟鍒濆鍖栨垚鍔?- 妯″瀷: glm-4-flash

################################################################################
# 鍛ㄦ姤鐢熸垚涓夐樁娈垫祦绋嬪紑濮?
# 娉ㄦ剰锛氫腑闂撮樁娈靛叏閮ㄤ娇鐢ㄧ函鏂囨湰鏍煎紡锛屾渶缁堣緭鍑篔SON
################################################################################


================================================================================
[绗竴闃舵] 鏁版嵁鏌ヨ寮€濮?
================================================================================
[鏁版嵁鏌ヨ] 寮€濮嬪噯澶囪祫浜ф暟鎹? 2025-11-10 鑷?2025-11-16
[鏁版嵁鏌ヨ] 鍥哄畾璧勪骇鏁伴噺: 1
[鏁版嵁鏌ヨ] 鏀跺叆璁板綍鏁伴噺: 0
[鏁版嵁鏌ヨ] 铏氭嫙璧勪骇椤圭洰鏁伴噺: 1
[鏁版嵁缁熻] 娲昏穬: 1, 杩囨湡: 0, 鏈紑濮? 0
[鏁版嵁缁熻] 鍒╃敤鐜? 30.43%, 娴垂鐜? 0.00%
鉁?褰撳墠鏈熸暟鎹煡璇㈠畬鎴? 2025-11-10 鑷?2025-11-16
[涓婃湡鏌ヨ] 璁＄畻涓婃湡鏃堕棿: 2025-11-03 鑷?2025-11-09
[鏁版嵁鏌ヨ] 寮€濮嬪噯澶囪祫浜ф暟鎹? 2025-11-03 鑷?2025-11-09
[鏁版嵁鏌ヨ] 鍥哄畾璧勪骇鏁伴噺: 1
[鏁版嵁鏌ヨ] 鏀跺叆璁板綍鏁伴噺: 2
[鏁版嵁鏌ヨ] 铏氭嫙璧勪骇椤圭洰鏁伴噺: 1
[鏁版嵁缁熻] 娲昏穬: 1, 杩囨湡: 0, 鏈紑濮? 0
[鏁版嵁缁熻] 鍒╃敤鐜? 30.43%, 娴垂鐜? 0.00%
鉁?涓婃湡鏁版嵁鏌ヨ瀹屾垚: 2025-11-03 鑷?2025-11-09
================================================================================
[绗竴闃舵] 鏁版嵁鏌ヨ瀹屾垚
================================================================================


[鏂囨湰杞崲] 褰撳墠鏈熸暟鎹浆鎹㈠畬鎴? 491 瀛楃
[瀵规瘮鍒嗘瀽] 鐢熸垚瀵规瘮鏂囨湰: 196 瀛楃

[鏂囨湰棰勮]
銆愭姤鍛婃湡闂淬€?025-11-10 鑷?2025-11-16 (鍏?澶?

銆愬浐瀹氳祫浜с€?
- 璧勪骇鎬绘暟: 1椤?
- 鍘熷鎬诲€? 楼100,000.00
- 褰撳墠鎬诲€? 楼100,000.00
- 绱鎶樻棫: 楼0.00
- 鎶樻棫鐜? 0.0%
- 鏈熼棿鏀跺叆: 楼0.00
- 鍒嗙被鏄庣粏: 1涓垎绫?
  * 鍥哄畾璧勪骇: 1椤? 褰撳墠浠峰€悸?00,000.00
- 璧勪骇鐘舵€?
  * 浣跨敤涓? 1椤?

銆愯櫄鎷熻祫浜э紙棰勪粯鏉冪泭锛夈€?
- 椤圭洰鎬绘暟: 1椤?
- 鎬绘姇鍏? 楼1,000.00
- 娲昏穬椤圭洰: 1椤? 鍓╀綑浠峰€悸?95.74
- 杩囨湡椤圭洰: 0椤? 娴垂浠峰€悸?.00
- 鏈紑濮? 0椤? 浠峰€悸?.00
- 鍒╃敤鐜? 30.43%
- 娴垂鐜? 0.0%
- 铏氭嫙璧勪骇鍒嗙被: 1涓垎绫?
  * 濞变箰浼戦棽: 1椤? 鎬绘姇鍏ヂ?,000.00, 娴垂楼0.00

銆愮患鍚堣鍥俱€?
- 鏈夊舰璧勪骇浠峰€? 楼100,000.00
- 娲昏穬鏉冪泭浠峰€? 楼695.74
- 鏈紑濮嬫潈鐩? 楼0.00
- 缁煎悎娲昏穬浠峰€? 楼100,695.74
- 璇存槑: 鏈夊舰璧勪骇+娲昏穬鏉冪泭锛屼笉鍖呮嫭鏈紑濮嬮」鐩?

銆愪笂鏈熸暟鎹姣?..


================================================================================
[绗簩闃舵] AI鏁版嵁棰勫垎鏋愬紑濮?
================================================================================
[璺宠繃] AI娲炲療宸茬鐢紝鐩存帴杩涘叆涓嬩竴闃舵
[鎻愮ず] 杩欏皢鑺傜渷涓€娆PI璋冪敤锛岄伩鍏嶉€熺巼闄愬埗

================================================================================
[绗簩闃舵] AI鏁版嵁棰勫垎鏋愮粨鏉?
================================================================================


================================================================================
[绗笁闃舵] 鎶ュ憡鐢熸垚寮€濮?
================================================================================
[Prompt鐗堟湰] 6.0.0

[鎶ュ憡Prompt] Prompt闀垮害: 1843 瀛楃

[Prompt瀹屾暣鍐呭]
浣犳槸璧勬繁璐㈠瘜鍒嗘瀽甯堛€傚熀浜庣湡瀹炴暟鎹敓鎴怣arkdown鍛ㄦ姤銆?

瀵规瘮鍒嗘瀽锛氫笂鏈?2025-11-03~2025-11-09) vs 鏈湡(2025-11-10~2025-11-16)
鍥哄畾璧勪骇锛毬?00,000(涓婃湡楼100,000) 鏀跺叆锛毬?(涓婃湡楼12,000)
铏氭嫙璧勪骇锛氬埄鐢ㄧ巼30.4%(涓婃湡30.4%) 娴垂鐜?.0%(涓婃湡0.0%)
瑕佹眰锛氱敤馃搱馃搲鉃★笍鏍囪瓒嬪娍锛岀敤馃煝馃煛馃敶鏍囪鐘舵€侊紝璁＄畻鍙樺寲%锛屽垎鏋愬師鍥犲拰棰勬祴

鏁版嵁锛?
銆愭姤鍛婃湡闂淬€?025-11-10 鑷?2025-11-16 (鍏?澶?

銆愬浐瀹氳祫浜с€?
- 璧勪骇鎬绘暟: 1椤?
- 鍘熷鎬诲€? 楼100,000.00
- 褰撳墠鎬诲€? 楼100,000.00
- 绱鎶樻棫: 楼0.00
- 鎶樻棫鐜? 0.0%
- 鏈熼棿鏀跺叆: 楼0.00
- 鍒嗙被鏄庣粏: 1涓垎绫?
  * 鍥哄畾璧勪骇: 1椤? 褰撳墠浠峰€悸?00,000.00
- 璧勪骇鐘舵€?
  * 浣跨敤涓? 1椤?

銆愯櫄鎷熻祫浜э紙棰勪粯鏉冪泭锛夈€?
- 椤圭洰鎬绘暟: 1椤?
- 鎬绘姇鍏? 楼1,000.00
- 娲昏穬椤圭洰: 1椤? 鍓╀綑浠峰€悸?95.74
- 杩囨湡椤圭洰: 0椤? 娴垂浠峰€悸?.00
- 鏈紑濮? 0椤? 浠峰€悸?.00
- 鍒╃敤鐜? 30.43%
- 娴垂鐜? 0.0%
- 铏氭嫙璧勪骇鍒嗙被: 1涓垎绫?
  * 濞变箰浼戦棽: 1椤? 鎬绘姇鍏ヂ?,000.00, 娴垂楼0.00

銆愮患鍚堣鍥俱€?
- 鏈夊舰璧勪骇浠峰€? 楼100,000.00
- 娲昏穬鏉冪泭浠峰€? 楼695.74
- 鏈紑濮嬫潈鐩? 楼0.00
- 缁煎悎娲昏穬浠峰€? 楼100,695.74
- 璇存槑: 鏈夊舰璧勪骇+娲昏穬鏉冪泭锛屼笉鍖呮嫭鏈紑濮嬮」鐩?

銆愪笂鏈熸暟鎹姣斻€?

鍥哄畾璧勪骇鍙樺寲:
- 褰撳墠鎬诲€? 楼100,000.00 (涓婃湡楼100,000.00, +0.0%)
- 鏈熼棿鏀跺叆: 楼0.00 (涓婃湡楼12,000.00, -100.0%)

铏氭嫙璧勪骇鍙樺寲:
- 鍒╃敤鐜? 30.4% (涓婃湡30.4%, +0.0%)
- 娴垂鐜? 0.0% (涓婃湡0.0%, +0.0%)
- 娴垂閲戦: 楼0.00 (涓婃湡楼0.00, +0.00)

鏍稿績瑕佹眰锛?
1. 鐢ㄧ湡瀹炴暟鎹紝绂佹XX鍗犱綅绗?
2. 鐢╡moji馃搳琛ㄦ牸杩涘害鏉?
3. 瀵规瘮鍒嗘瀽锛屾爣璁板彉鍖栬秼鍔?
4. 缁欏嚭鍙墽琛屽缓璁?
5. 琛ㄦ牸鏍煎紡锛氭瘡涓獆鍓嶅悗蹇呴』鏈夌┖鏍硷紝琛ㄦ牸鍓嶅悗蹇呴』鏈夌┖琛?

鎶ュ憡缁撴瀯

# 馃搱 璧勪骇鍛ㄦ姤(2025-11-10~2025-11-16)

## 馃搵 鎵ц鎽樿

鏍稿績鍙戠幇锛歔鏈€閲嶈鍙戠幇+鏁板瓧]

鏈懆姒傝锛?
馃挵鍥哄畾璧勪骇1椤孤?00,000 馃挼鏀跺叆楼0
馃挸铏氭嫙璧勪骇1椤?鍒╃敤鐜?0.4% 娴垂鐜?.0% 娴垂楼0

鍏抽敭鍙樺寲锛歔2-3涓彉鍖?emoji+鏁板瓧+瓒嬪娍]

---

## 馃幆 鏍稿績鎸囨爣

| 鎸囨爣 | 鏈湡 | 涓婃湡 | 鍙樺寲 | 瓒嬪娍 |
|------|------|------|------|------|
| 馃挵鍥哄畾璧勪骇 | [瀹為檯鏁板€糫 | [瀹為檯鏁板€糫 | [璁＄畻%] | 馃搱馃搲鉃★笍 |
| 馃挼鏀跺叆 | [瀹為檯鏁板€糫 | [瀹為檯鏁板€糫 | [璁＄畻%] | 馃搱馃搲鉃★笍 |
| 馃搳鍒╃敤鐜?| [瀹為檯鏁板€糫 | [瀹為檯鏁板€糫 | [璁＄畻%] | 馃煝馃煛馃敶 |
| 馃敶娴垂鐜?| [瀹為檯鏁板€糫 | [瀹為檯鏁板€糫 | [璁＄畻%] | 馃煝馃煛馃敶 |

[鍒嗘瀽2涓叧閿彂鐜癩

## 馃彔 鍥哄畾璧勪骇

1椤?楼100,000 鎶樻棫楼0 鏀跺叆楼0

[鍒嗘瀽浣跨敤鐘跺喌鍜屾敹鐩婂彉鍖朷

---

## 馃挸 铏氭嫙璧勪骇

鎶曞叆楼1,000 娲昏穬1椤?杩囨湡0椤规氮璐孤?
鍒╃敤鐜?0.4% 娴垂鐜?.0%

**鍒╃敤鐜囧彲瑙嗗寲**锛?
```
宸叉秷鑰?鈻堚枅鈻堚枅鈻堚枅鈻戔枒鈻戔枒 60%
娴垂  鈻堚枅鈻戔枒鈻戔枒鈻戔枒鈻戔枒 20% 馃敶
```
(鐢ㄢ枅琛ㄧず濉厖锛屸枒琛ㄧず绌虹櫧锛屾牴鎹疄闄呮暟鍊艰皟鏁存暟閲?

[鍒嗘瀽鍒╃敤鎯呭喌鍜屾氮璐瑰師鍥犲彉鍖朷

---

## 馃挕 寤鸿

馃敶楂樹紭鍏堢骇锛歔1-2鏉★紝鍚棶棰?鐩爣+琛屽姩璁″垝+棰勬湡]
馃煛涓紭鍏堢骇锛歔1-2鏉

---

## 馃搱 瓒嬪娍棰勬祴

鍩轰簬瓒嬪娍涓嬪懆棰勬祴锛歔缁欏嚭2-3涓叧閿寚鏍囬娴嬪€糫

## 馃搶 涓嬪懆鍏虫敞

1. [鍏虫敞鐐?]
2. [鍏虫敞鐐?]

---

馃搮2025-11-10~2025-11-16(7澶? 馃搳鍥哄畾1椤硅櫄鎷?椤?

鈿狅笍閲嶈锛氱敤鐪熷疄鏁版嵁锛岀姝X鍗犱綅绗︼紝鍩轰簬瀹為檯鏁版嵁鍒嗘瀽锛岀洿鎺ヨ緭鍑篗arkdown涓嶈```鏍囪
鈿狅笍 [N8-璐ㄩ噺璇勪及] 瀹屾垚 - 璇勫垎: 64.0/100锛岄渶瑕侀噸璇?


--------------------------------------------------------------------------------

[璋冪敤API] 寮€濮嬬敓鎴愬懆鎶?..

=== 寮€濮嬭皟鐢ˋPI ===
Model: glm-4-flash
Max tokens: 涓嶉檺鍒?
Prompt闀垮害: 1843 瀛楃

[API鍝嶅簲璋冭瘯]
- HTTP鐘舵€佺爜: 200
- 鍝嶅簲choices闀垮害: 1
- finish_reason: stop
鉁?鍝嶅簲姝ｅ父缁撴潫
鉁?API璋冪敤鎴愬姛锛岃繑鍥炲唴瀹归暱搴? 1136 瀛楃

[API鍝嶅簲] 鍛ㄦ姤鍘熷鍝嶅簲闀垮害: 1136 瀛楃

[鍛ㄦ姤Markdown鍐呭棰勮]
# 馃搱 璧勪骇鍛ㄦ姤(2025-11-10~2025-11-16)

## 馃搵 鎵ц鎽樿

鏍稿績鍙戠幇锛氬浐瀹氳祫浜т繚鎸佺ǔ瀹氾紝浣嗘敹鍏ヤ负闆讹紝闇€鍏虫敞鏀跺叆鏉ユ簮銆?
鏈懆姒傝锛?
馃挵鍥哄畾璧勪骇1椤孤?00,000 馃挼鏀跺叆楼0
馃挸铏氭嫙璧勪骇1椤?鍒╃敤鐜?0.4% 娴垂鐜?.0% 娴垂楼0

鍏抽敭鍙樺寲锛?
- 馃挵鍥哄畾璧勪骇鎬诲€兼棤鍙樺寲馃搲
- 馃挼鏀跺叆杈冧笂鏈熷噺灏?00%馃搲
- 馃搳铏氭嫙璧勪骇鍒╃敤鐜囨棤鍙樺寲馃煝
- 馃敶娴垂鐜囨棤鍙樺寲馃煝

---

## 馃幆 鏍稿績鎸囨爣

| 鎸囨爣 | 鏈湡 | 涓婃湡 | 鍙樺寲 | 瓒嬪娍 |
|------|------|------|------|------|
| 馃挵鍥哄畾璧勪骇 | 楼100,000.00 | 楼100,000.00 | 0.0% | 馃搲 |
| 馃挼鏀跺叆 | 楼0.00 | 楼12,000.00 | -100.0% | 馃搲 |
| 馃搳鍒╃敤鐜?| 30.43% | 30.4% | 0.0% | 馃煝 |
| 馃敶娴垂鐜?| 0.0% | 0.0% | 0.0% | 馃煝 |

[鍒嗘瀽1. 鍥哄畾璧勪骇缁存寔绋冲畾锛屾棤鎶樻棫鍜屾敹鍏ワ紝闇€鍏虫敞璧勪骇浣跨敤鏁堢巼銆?. 鏀跺叆澶у箙涓嬮檷锛岄渶鎺㈢┒鍘熷洜骞跺鎵炬柊鐨勬敹鍏ユ潵婧愩€俔

---

## 馃彔 鍥哄畾璧勪骇

1椤?楼100,000 鎶樻棫楼0 鏀跺叆楼0

[鍒嗘瀽锛氬浐瀹氳祫浜ф棤鍙樺寲锛屼繚鎸佸師鍊硷紝浣嗛渶鍏虫敞璧勪骇鐨勪娇鐢ㄦ晥鐜囧拰娼滃湪鏀剁泭銆俔

---

## 馃挸 铏氭嫙璧勪骇

鎶曞叆楼1,000 娲昏穬1椤?杩囨湡0椤规氮璐孤?
鍒╃敤鐜?0.4% 娴垂鐜?.0%

**鍒╃敤鐜囧彲瑙嗗寲**锛?
```
宸叉秷鑰?鈻堚枅鈻堚枅鈻堚枅鈻戔枒鈻戔枒 60%
娴垂  鈻堚枅鈻戔枒鈻戔枒鈻戔枒鈻戔枒 20% 馃敶
```
[鍒嗘瀽锛氳櫄鎷熻祫浜у埄鐢ㄧ巼淇濇寔绋冲畾锛屾棤娴垂锛屼絾闇€鍏虫敞娲昏穬椤圭洰鐨勬敹鐩婃綔鍔涖€俔

---

## 馃挕 寤鸿

馃敶楂樹紭鍏堢骇锛?
1. 闂锛氭敹鍏ュぇ骞呬笅闄嶃€?
   鐩爣锛氭仮澶嶅苟澧炲姞鏀跺叆銆?
   琛屽姩璁″垝锛氭帰绱㈡柊鐨勬敹鍏ユ笭閬擄紝濡傚鍔犳湇鍔°€佹嫇灞曞競鍦虹瓑銆?
   棰勬湡锛氱煭鏈熷唴鎭㈠鏀跺叆姘村钩銆?

馃煛涓紭鍏堢骇锛?
2. 闂锛氳櫄鎷熻祫浜у埄鐢ㄧ巼绋冲畾銆?
   鐩爣锛氭彁楂樿櫄鎷熻祫浜х殑鎶曡祫鍥炴姤鐜囥€?
   琛屽姩璁″垝锛氳瘎浼扮幇鏈夎櫄鎷熻祫浜х殑鎶曡祫缁勫悎锛岃€冭檻璋冩暣鎶曡祫绛栫暐銆?
   棰勬湡锛氶暱鏈熷唴鎻愰珮鎶曡祫鍥炴姤鐜囥€?

---

## 馃搱 瓒嬪娍棰勬祴

鍩轰簬瓒嬪娍涓嬪懆棰勬祴锛?
- 鍥哄畾璧勪骇鎬诲€奸璁′繚鎸佺ǔ瀹氥€?
- 鏀跺叆棰勮灏嗙户缁笅闄嶏紝闇€鍏虫敞鏀跺叆鎭㈠鎯呭喌銆?
- 铏氭嫙璧勪骇鍒╃敤鐜囬璁′繚鎸?..

--------------------------------------------------------------------------------
[鍥捐〃鏁版嵁] 宸茬敓鎴?涓浘琛?
[鍥捐〃鏁版嵁璇︽儏]
  - asset_allocation_pie: 2椤?
    绀轰緥: {'name': '鍥哄畾璧勪骇', 'value': 100000.0}
  - health_score_radar: 4椤?
    绀轰緥: {'dimension': '鍥哄畾璧勪骇', 'score': 25.0}
  - fixed_asset_categories: 1椤?
    绀轰緥: {'category': '鍥哄畾璧勪骇', 'value': 100000.0}
  - virtual_asset_utilization: 1椤?
    绀轰緥: {'category': '濞变箰浼戦棽', 'utilization': 100.0, 'waste': 0.0}

================================================================================
[绗笁闃舵] 鎶ュ憡鐢熸垚瀹屾垚 - 鏂囨湰鏍煎紡
================================================================================

################################################################################
# 鍛ㄦ姤鐢熸垚涓夐樁娈垫祦绋嬬粨鏉?
################################################################################

鉁?鏅鸿氨AI鏈嶅姟鍒濆鍖栨垚鍔?- 妯″瀷: glm-4-flash

################################################################################
# 鍛ㄦ姤鐢熸垚涓夐樁娈垫祦绋嬪紑濮?
# 娉ㄦ剰锛氫腑闂撮樁娈靛叏閮ㄤ娇鐢ㄧ函鏂囨湰鏍煎紡锛屾渶缁堣緭鍑篔SON
################################################################################


================================================================================
[绗竴闃舵] 鏁版嵁鏌ヨ寮€濮?
================================================================================
[鏁版嵁鏌ヨ] 寮€濮嬪噯澶囪祫浜ф暟鎹? 2025-11-10 鑷?2025-11-16
[鏁版嵁鏌ヨ] 鍥哄畾璧勪骇鏁伴噺: 1
[鏁版嵁鏌ヨ] 鏀跺叆璁板綍鏁伴噺: 0
[鏁版嵁鏌ヨ] 铏氭嫙璧勪骇椤圭洰鏁伴噺: 1
[鏁版嵁缁熻] 娲昏穬: 1, 杩囨湡: 0, 鏈紑濮? 0
[鏁版嵁缁熻] 鍒╃敤鐜? 30.43%, 娴垂鐜? 0.00%
鉁?褰撳墠鏈熸暟鎹煡璇㈠畬鎴? 2025-11-10 鑷?2025-11-16
[涓婃湡鏌ヨ] 璁＄畻涓婃湡鏃堕棿: 2025-11-03 鑷?2025-11-09
[鏁版嵁鏌ヨ] 寮€濮嬪噯澶囪祫浜ф暟鎹? 2025-11-03 鑷?2025-11-09
[鏁版嵁鏌ヨ] 鍥哄畾璧勪骇鏁伴噺: 1
[鏁版嵁鏌ヨ] 鏀跺叆璁板綍鏁伴噺: 2
[鏁版嵁鏌ヨ] 铏氭嫙璧勪骇椤圭洰鏁伴噺: 1
[鏁版嵁缁熻] 娲昏穬: 1, 杩囨湡: 0, 鏈紑濮? 0
[鏁版嵁缁熻] 鍒╃敤鐜? 30.43%, 娴垂鐜? 0.00%
鉁?涓婃湡鏁版嵁鏌ヨ瀹屾垚: 2025-11-03 鑷?2025-11-09
================================================================================
[绗竴闃舵] 鏁版嵁鏌ヨ瀹屾垚
================================================================================


[鏂囨湰杞崲] 褰撳墠鏈熸暟鎹浆鎹㈠畬鎴? 491 瀛楃
[瀵规瘮鍒嗘瀽] 鐢熸垚瀵规瘮鏂囨湰: 196 瀛楃

[鏂囨湰棰勮]
銆愭姤鍛婃湡闂淬€?025-11-10 鑷?2025-11-16 (鍏?澶?

銆愬浐瀹氳祫浜с€?
- 璧勪骇鎬绘暟: 1椤?
- 鍘熷鎬诲€? 楼100,000.00
- 褰撳墠鎬诲€? 楼100,000.00
- 绱鎶樻棫: 楼0.00
- 鎶樻棫鐜? 0.0%
- 鏈熼棿鏀跺叆: 楼0.00
- 鍒嗙被鏄庣粏: 1涓垎绫?
  * 鍥哄畾璧勪骇: 1椤? 褰撳墠浠峰€悸?00,000.00
- 璧勪骇鐘舵€?
  * 浣跨敤涓? 1椤?

銆愯櫄鎷熻祫浜э紙棰勪粯鏉冪泭锛夈€?
- 椤圭洰鎬绘暟: 1椤?
- 鎬绘姇鍏? 楼1,000.00
- 娲昏穬椤圭洰: 1椤? 鍓╀綑浠峰€悸?95.74
- 杩囨湡椤圭洰: 0椤? 娴垂浠峰€悸?.00
- 鏈紑濮? 0椤? 浠峰€悸?.00
- 鍒╃敤鐜? 30.43%
- 娴垂鐜? 0.0%
- 铏氭嫙璧勪骇鍒嗙被: 1涓垎绫?
  * 濞变箰浼戦棽: 1椤? 鎬绘姇鍏ヂ?,000.00, 娴垂楼0.00

銆愮患鍚堣鍥俱€?
- 鏈夊舰璧勪骇浠峰€? 楼100,000.00
- 娲昏穬鏉冪泭浠峰€? 楼695.74
- 鏈紑濮嬫潈鐩? 楼0.00
- 缁煎悎娲昏穬浠峰€? 楼100,695.74
- 璇存槑: 鏈夊舰璧勪骇+娲昏穬鏉冪泭锛屼笉鍖呮嫭鏈紑濮嬮」鐩?

銆愪笂鏈熸暟鎹姣?..


================================================================================
[绗簩闃舵] AI鏁版嵁棰勫垎鏋愬紑濮?
================================================================================
[璺宠繃] AI娲炲療宸茬鐢紝鐩存帴杩涘叆涓嬩竴闃舵
[鎻愮ず] 杩欏皢鑺傜渷涓€娆PI璋冪敤锛岄伩鍏嶉€熺巼闄愬埗

================================================================================
[绗簩闃舵] AI鏁版嵁棰勫垎鏋愮粨鏉?
================================================================================


================================================================================
[绗笁闃舵] 鎶ュ憡鐢熸垚寮€濮?
================================================================================
[Prompt鐗堟湰] 6.0.0

[鎶ュ憡Prompt] Prompt闀垮害: 1843 瀛楃

[Prompt瀹屾暣鍐呭]
浣犳槸璧勬繁璐㈠瘜鍒嗘瀽甯堛€傚熀浜庣湡瀹炴暟鎹敓鎴怣arkdown鍛ㄦ姤銆?

瀵规瘮鍒嗘瀽锛氫笂鏈?2025-11-03~2025-11-09) vs 鏈湡(2025-11-10~2025-11-16)
鍥哄畾璧勪骇锛毬?00,000(涓婃湡楼100,000) 鏀跺叆锛毬?(涓婃湡楼12,000)
铏氭嫙璧勪骇锛氬埄鐢ㄧ巼30.4%(涓婃湡30.4%) 娴垂鐜?.0%(涓婃湡0.0%)
瑕佹眰锛氱敤馃搱馃搲鉃★笍鏍囪瓒嬪娍锛岀敤馃煝馃煛馃敶鏍囪鐘舵€侊紝璁＄畻鍙樺寲%锛屽垎鏋愬師鍥犲拰棰勬祴

鏁版嵁锛?
銆愭姤鍛婃湡闂淬€?025-11-10 鑷?2025-11-16 (鍏?澶?

銆愬浐瀹氳祫浜с€?
- 璧勪骇鎬绘暟: 1椤?
- 鍘熷鎬诲€? 楼100,000.00
- 褰撳墠鎬诲€? 楼100,000.00
- 绱鎶樻棫: 楼0.00
- 鎶樻棫鐜? 0.0%
- 鏈熼棿鏀跺叆: 楼0.00
- 鍒嗙被鏄庣粏: 1涓垎绫?
  * 鍥哄畾璧勪骇: 1椤? 褰撳墠浠峰€悸?00,000.00
- 璧勪骇鐘舵€?
  * 浣跨敤涓? 1椤?

銆愯櫄鎷熻祫浜э紙棰勪粯鏉冪泭锛夈€?
- 椤圭洰鎬绘暟: 1椤?
- 鎬绘姇鍏? 楼1,000.00
- 娲昏穬椤圭洰: 1椤? 鍓╀綑浠峰€悸?95.74
- 杩囨湡椤圭洰: 0椤? 娴垂浠峰€悸?.00
- 鏈紑濮? 0椤? 浠峰€悸?.00
- 鍒╃敤鐜? 30.43%
- 娴垂鐜? 0.0%
- 铏氭嫙璧勪骇鍒嗙被: 1涓垎绫?
  * 濞变箰浼戦棽: 1椤? 鎬绘姇鍏ヂ?,000.00, 娴垂楼0.00

銆愮患鍚堣鍥俱€?
- 鏈夊舰璧勪骇浠峰€? 楼100,000.00
- 娲昏穬鏉冪泭浠峰€? 楼695.74
- 鏈紑濮嬫潈鐩? 楼0.00
- 缁煎悎娲昏穬浠峰€? 楼100,695.74
- 璇存槑: 鏈夊舰璧勪骇+娲昏穬鏉冪泭锛屼笉鍖呮嫭鏈紑濮嬮」鐩?

銆愪笂鏈熸暟鎹姣斻€?

鍥哄畾璧勪骇鍙樺寲:
- 褰撳墠鎬诲€? 楼100,000.00 (涓婃湡楼100,000.00, +0.0%)
- 鏈熼棿鏀跺叆: 楼0.00 (涓婃湡楼12,000.00, -100.0%)

铏氭嫙璧勪骇鍙樺寲:
- 鍒╃敤鐜? 30.4% (涓婃湡30.4%, +0.0%)
- 娴垂鐜? 0.0% (涓婃湡0.0%, +0.0%)
- 娴垂閲戦: 楼0.00 (涓婃湡楼0.00, +0.00)

鏍稿績瑕佹眰锛?
1. 鐢ㄧ湡瀹炴暟鎹紝绂佹XX鍗犱綅绗?
2. 鐢╡moji馃搳琛ㄦ牸杩涘害鏉?
3. 瀵规瘮鍒嗘瀽锛屾爣璁板彉鍖栬秼鍔?
4. 缁欏嚭鍙墽琛屽缓璁?
5. 琛ㄦ牸鏍煎紡锛氭瘡涓獆鍓嶅悗蹇呴』鏈夌┖鏍硷紝琛ㄦ牸鍓嶅悗蹇呴』鏈夌┖琛?

鎶ュ憡缁撴瀯

# 馃搱 璧勪骇鍛ㄦ姤(2025-11-10~2025-11-16)

## 馃搵 鎵ц鎽樿

鏍稿績鍙戠幇锛歔鏈€閲嶈鍙戠幇+鏁板瓧]

鏈懆姒傝锛?
馃挵鍥哄畾璧勪骇1椤孤?00,000 馃挼鏀跺叆楼0
馃挸铏氭嫙璧勪骇1椤?鍒╃敤鐜?0.4% 娴垂鐜?.0% 娴垂楼0

鍏抽敭鍙樺寲锛歔2-3涓彉鍖?emoji+鏁板瓧+瓒嬪娍]

---

## 馃幆 鏍稿績鎸囨爣

| 鎸囨爣 | 鏈湡 | 涓婃湡 | 鍙樺寲 | 瓒嬪娍 |
|------|------|------|------|------|
| 馃挵鍥哄畾璧勪骇 | [瀹為檯鏁板€糫 | [瀹為檯鏁板€糫 | [璁＄畻%] | 馃搱馃搲鉃★笍 |
| 馃挼鏀跺叆 | [瀹為檯鏁板€糫 | [瀹為檯鏁板€糫 | [璁＄畻%] | 馃搱馃搲鉃★笍 |
| 馃搳鍒╃敤鐜?| [瀹為檯鏁板€糫 | [瀹為檯鏁板€糫 | [璁＄畻%] | 馃煝馃煛馃敶 |
| 馃敶娴垂鐜?| [瀹為檯鏁板€糫 | [瀹為檯鏁板€糫 | [璁＄畻%] | 馃煝馃煛馃敶 |

[鍒嗘瀽2涓叧閿彂鐜癩

## 馃彔 鍥哄畾璧勪骇

1椤?楼100,000 鎶樻棫楼0 鏀跺叆楼0

[鍒嗘瀽浣跨敤鐘跺喌鍜屾敹鐩婂彉鍖朷

---

## 馃挸 铏氭嫙璧勪骇

鎶曞叆楼1,000 娲昏穬1椤?杩囨湡0椤规氮璐孤?
鍒╃敤鐜?0.4% 娴垂鐜?.0%

**鍒╃敤鐜囧彲瑙嗗寲**锛?
```
宸叉秷鑰?鈻堚枅鈻堚枅鈻堚枅鈻戔枒鈻戔枒 60%
娴垂  鈻堚枅鈻戔枒鈻戔枒鈻戔枒鈻戔枒 20% 馃敶
```
(鐢ㄢ枅琛ㄧず濉厖锛屸枒琛ㄧず绌虹櫧锛屾牴鎹疄闄呮暟鍊艰皟鏁存暟閲?

[鍒嗘瀽鍒╃敤鎯呭喌鍜屾氮璐瑰師鍥犲彉鍖朷

---

## 馃挕 寤鸿

馃敶楂樹紭鍏堢骇锛歔1-2鏉★紝鍚棶棰?鐩爣+琛屽姩璁″垝+棰勬湡]
馃煛涓紭鍏堢骇锛歔1-2鏉

---

## 馃搱 瓒嬪娍棰勬祴

鍩轰簬瓒嬪娍涓嬪懆棰勬祴锛歔缁欏嚭2-3涓叧閿寚鏍囬娴嬪€糫

## 馃搶 涓嬪懆鍏虫敞

1. [鍏虫敞鐐?]
2. [鍏虫敞鐐?]

---

馃搮2025-11-10~2025-11-16(7澶? 馃搳鍥哄畾1椤硅櫄鎷?椤?

鈿狅笍閲嶈锛氱敤鐪熷疄鏁版嵁锛岀姝X鍗犱綅绗︼紝鍩轰簬瀹為檯鏁版嵁鍒嗘瀽锛岀洿鎺ヨ緭鍑篗arkdown涓嶈```鏍囪
鉂?[N8-璐ㄩ噺璇勪及] 瀹屾垚 - 璇勫垎: 64.0/100锛屽凡杈炬渶澶ч噸璇曟鏁?
鉂?[N11-澶辫触澶勭悊] 寮€濮?


--------------------------------------------------------------------------------

[璋冪敤API] 寮€濮嬬敓鎴愬懆鎶?..

=== 寮€濮嬭皟鐢ˋPI ===
Model: glm-4-flash
Max tokens: 涓嶉檺鍒?
Prompt闀垮害: 1843 瀛楃

[API鍝嶅簲璋冭瘯]
- HTTP鐘舵€佺爜: 200
- 鍝嶅簲choices闀垮害: 1
- finish_reason: stop
鉁?鍝嶅簲姝ｅ父缁撴潫
鉁?API璋冪敤鎴愬姛锛岃繑鍥炲唴瀹归暱搴? 1288 瀛楃

[API鍝嶅簲] 鍛ㄦ姤鍘熷鍝嶅簲闀垮害: 1288 瀛楃

[鍛ㄦ姤Markdown鍐呭棰勮]
# 馃搱 璧勪骇鍛ㄦ姤(2025-11-10~2025-11-16)

## 馃搵 鎵ц鎽樿

鏍稿績鍙戠幇锛氭湰鍛ㄥ浐瀹氳祫浜т环鍊间繚鎸佷笉鍙橈紝鏀跺叆涓洪浂锛涜櫄鎷熻祫浜у埄鐢ㄧ巼淇濇寔绋冲畾锛屾棤娴垂銆?

鏈懆姒傝锛?
馃挵鍥哄畾璧勪骇1椤孤?00,000 馃挼鏀跺叆楼0
馃挸铏氭嫙璧勪骇1椤?鍒╃敤鐜?0.4% 娴垂鐜?.0% 娴垂楼0

鍏抽敭鍙樺寲锛?
- 鍥哄畾璧勪骇浠峰€拣煋夋棤鍙樺寲 (楼100,000)
- 鏀跺叆馃搲鏃犲彉鍖?(楼0)
- 铏氭嫙璧勪骇鍒╃敤鐜囸煙繚鎸佺ǔ瀹?(30.4%)

---

## 馃幆 鏍稿績鎸囨爣

| 鎸囨爣 | 鏈湡 | 涓婃湡 | 鍙樺寲 | 瓒嬪娍 |
|------|------|------|------|------|
| 馃挵鍥哄畾璧勪骇 | 楼100,000 | 楼100,000 | 0.0% | 馃搲 |
| 馃挼鏀跺叆 | 楼0 | 楼12,000 | -100.0% | 馃搲 |
| 馃搳鍒╃敤鐜?| 30.43% | 30.4% | 0.0% | 馃煝 |
| 馃敶娴垂鐜?| 0.0% | 0.0% | 0.0% | 馃煝 |

[鍒嗘瀽2涓叧閿彂鐜癩
- 鍥哄畾璧勪骇浠峰€间繚鎸佺ǔ瀹氾紝鏃犳柊澧炴敹鍏ャ€?
- 铏氭嫙璧勪骇鍒╃敤鐜囦繚鎸佺ǔ瀹氾紝鏃犳氮璐广€?

---

## 馃彔 鍥哄畾璧勪骇

1椤?楼100,000 鎶樻棫楼0 鏀跺叆楼0

[鍒嗘瀽浣跨敤鐘跺喌鍜屾敹鐩婂彉鍖朷
鍥哄畾璧勪骇浠峰€间繚鎸佺ǔ瀹氾紝鏃犳姌鏃э紝鏃犳敹鍏ャ€傚彲鑳界敱浜庤祫浜ф湭杩涜浜ゆ槗鎴栨湭浜х敓鏀剁泭銆?

---

## 馃挸 铏氭嫙璧勪骇

鎶曞叆楼1,000 娲昏穬1椤?杩囨湡0椤规氮璐孤?
鍒╃敤鐜?0.4% 娴垂鐜?.0%

**鍒╃敤鐜囧彲瑙嗗寲**锛?
```
宸叉秷鑰?鈻堚枅鈻堚枅鈻堚枅鈻戔枒鈻戔枒 60%
娴垂  鈻堚枅鈻戔枒鈻戔枒鈻戔枒鈻戔枒 20% 馃敶
```
(鐢ㄢ枅琛ㄧず濉厖锛屸枒琛ㄧず绌虹櫧锛屾牴鎹疄闄呮暟鍊艰皟鏁存暟閲?

[鍒嗘瀽鍒╃敤鎯呭喌鍜屾氮璐瑰師鍥犲彉鍖朷
铏氭嫙璧勪骇鍒╃敤鐜囦繚鎸佺ǔ瀹氾紝鏃犳氮璐广€傝〃鏄庤祫浜т娇鐢ㄦ晥鐜囪緝楂橈紝鏃犺祫婧愰棽缃€?

---

## 馃挕 寤鸿

馃敶楂樹紭鍏堢骇锛?
- **闂**锛氭敹鍏ヤ负闆讹紝闇€瀵绘壘鏂扮殑鏀跺叆鏉ユ簮銆?
- **鐩爣**锛氬鍔犳敹鍏ワ紝鎻愰珮璧勪骇鍥炴姤鐜囥€?
- **琛屽姩璁″垝**锛氳瘎浼扮幇鏈変笟鍔℃ā寮忥紝瀵绘壘鏂扮殑鏀跺叆娓犻亾锛屽寮€灞曟柊涓氬姟鎴栧鍔犻攢鍞€?
- **棰勬湡**锛氬湪鎺ヤ笅鏉ョ殑鍑犱釜鏈堝唴瀹炵幇鏀跺叆澧為暱銆?

馃煛涓紭鍏堢骇锛?
- **闂**锛氳櫄鎷熻祫浜у埄鐢ㄧ巼绋冲畾锛屼絾浠嶆湁鎻愬崌绌洪棿銆?
- **鐩爣**锛氭彁楂樿櫄鎷熻祫浜у埄鐢ㄧ巼锛屼紭鍖栬祫浜ч厤缃€?
- **琛屽姩璁″垝**锛氬畾鏈熻瘎浼拌櫄鎷熻祫...

--------------------------------------------------------------------------------
[鍥捐〃鏁版嵁] 宸茬敓鎴?涓浘琛?
[鍥捐〃鏁版嵁璇︽儏]
  - asset_allocation_pie: 2椤?
    绀轰緥: {'name': '鍥哄畾璧勪骇', 'value': 100000.0}
  - health_score_radar: 4椤?
    绀轰緥: {'dimension': '鍥哄畾璧勪骇', 'score': 25.0}
  - fixed_asset_categories: 1椤?
    绀轰緥: {'category': '鍥哄畾璧勪骇', 'value': 100000.0}
  - virtual_asset_utilization: 1椤?
    绀轰緥: {'category': '濞变箰浼戦棽', 'utilization': 100.0, 'waste': 0.0}

================================================================================
[绗笁闃舵] 鎶ュ憡鐢熸垚瀹屾垚 - 鏂囨湰鏍煎紡
================================================================================

################################################################################
# 鍛ㄦ姤鐢熸垚涓夐樁娈垫祦绋嬬粨鏉?
################################################################################

--------------------------------------------------------------------------------

馃搳 鎵ц缁撴灉:
================================================================================
鉁?鎵ц鎴愬姛

馃搱 缁熻淇℃伅:
  - 閲嶈瘯娆℃暟: 3
  - 鎵ц鑺傜偣鏁? 18
  - 寮€濮嬫椂闂? 2025-11-13T11:00:31.209026
  - 缁撴潫鏃堕棿: 2025-11-13T11:02:09.588275

馃攳 鎵ц璺緞:
  1. 鉁?init_task - completed
  2. 鉁?collect_data - completed
      鏁版嵁: 鍥哄畾璧勪骇1椤? 铏氭嫙璧勪骇1椤?
  3. 鉁?compress_data - completed
      鏂囨湰闀垮害: 491 瀛楃
  4. 鉁?agent_decide_comparison - completed
      鍐崇瓥: 鎶ュ憡绫诲瀷涓簑eekly锛岄渶瑕佷笂鏈熷姣?
  5. 鉁?query_previous_data - completed
  6. 鉁?ai_preanalysis - completed
  7. 鉁?generate_report - completed
  8. 鉁?evaluate_quality - completed
      璐ㄩ噺璇勫垎: 64.0/100
  9. 鉁?handle_retry - completed
  10. 鉁?generate_report - completed
  11. 鉁?evaluate_quality - completed
      璐ㄩ噺璇勫垎: 64.0/100
  12. 鉁?handle_retry - completed
  13. 鉁?generate_report - completed
  14. 鉁?evaluate_quality - completed
      璐ㄩ噺璇勫垎: 64.0/100
  15. 鉁?handle_retry - completed
  16. 鉁?generate_report - completed
  17. 鉁?evaluate_quality - completed
      璐ㄩ噺璇勫垎: 64.0/100
  18. 鉁?handle_failure - completed

馃摝 鏁版嵁鏌ヨ缁撴灉:

  鍥哄畾璧勪骇:
    - 鎬绘暟: 1椤?
    - 鍘熷鎬诲€? 楼100,000.00
    - 褰撳墠鎬诲€? 楼100,000.00
    - 绱鎶樻棫: 楼0.00
    - 鏈熼棿鏀跺叆: 楼0.00
    - 鍒嗙被鏁? 1涓?
      * 鍥哄畾璧勪骇: 1椤? 楼100,000.00

  铏氭嫙璧勪骇:
    - 椤圭洰鎬绘暟: 1椤?
    - 鎬绘姇鍏? 楼1,000.00
    - 娲昏穬椤圭洰: 1椤?
    - 杩囨湡椤圭洰: 0椤?
    - 鍒╃敤鐜? 30.4%
    - 娴垂鐜? 0.0%
    - 鍒嗙被鏁? 1涓?
      * 濞变箰浼戦棽: 1椤? 楼1,000.00

馃摑 鍘嬬缉鏂囨湰棰勮 (鍓?00瀛楃):
--------------------------------------------------------------------------------
銆愭姤鍛婃湡闂淬€?025-11-10 鑷?2025-11-16 (鍏?澶?

銆愬浐瀹氳祫浜с€?
- 璧勪骇鎬绘暟: 1椤?
- 鍘熷鎬诲€? 楼100,000.00
- 褰撳墠鎬诲€? 楼100,000.00
- 绱鎶樻棫: 楼0.00
- 鎶樻棫鐜? 0.0%
- 鏈熼棿鏀跺叆: 楼0.00
- 鍒嗙被鏄庣粏: 1涓垎绫?
  * 鍥哄畾璧勪骇: 1椤? 褰撳墠浠峰€悸?00,000.00
- 璧勪骇鐘舵€?
  * 浣跨敤涓? 1椤?

銆愯櫄鎷熻祫浜э紙棰勪粯鏉冪泭锛夈€?
- 椤圭洰鎬绘暟: 1椤?
- 鎬绘姇鍏? 楼1,000.00
- 娲昏穬椤圭洰: 1椤? 鍓╀綑浠峰€悸?95.74
- 杩囨湡椤圭洰: 0椤? 娴垂浠峰€悸?.00
- 鏈紑濮? 0椤? 浠峰€悸?.00
- 鍒╃敤鐜? 30.43%
- 娴垂鐜? 0.0%
- 铏氭嫙璧勪骇鍒嗙被: 1涓垎绫?
  * 濞变箰浼戦棽: 1椤? 鎬绘姇鍏ヂ?,000.00, 娴垂楼0.00

銆愮患鍚堣鍥俱€?
- 鏈夊舰璧勪骇浠峰€? 楼100,000.00
- 娲昏穬鏉冪泭浠峰€? 楼695.74
- 鏈紑濮嬫潈鐩? 楼0.00
- 缁煎悎娲昏穬浠峰€? 楼100,695.74
- 璇存槑: 鏈夊舰璧勪骇+娲昏穬鏉冪泭锛屼笉鍖呮嫭鏈紑濮嬮」鐩?

--------------------------------------------------------------------------------

馃搳 涓婃湡瀵规瘮鏁版嵁:
--------------------------------------------------------------------------------
銆愪笂鏈熸暟鎹姣斻€?

鍥哄畾璧勪骇鍙樺寲:
- 褰撳墠鎬诲€? 楼100,000.00 (涓婃湡楼100,000.00, +0.0%)
- 鏈熼棿鏀跺叆: 楼0.00 (涓婃湡楼12,000.00, -100.0%)

铏氭嫙璧勪骇鍙樺寲:
- 鍒╃敤鐜? 30.4% (涓婃湡30.4%, +0.0%)
- 娴垂鐜? 0.0% (涓婃湡0.0%, +0.0%)
- 娴垂閲戦: 楼0.00 (涓婃湡楼0.00, +0.00)

--------------------------------------------------------------------------------

馃 Agent鍐崇瓥鍘嗗彶:
  1. agent_decide_comparison
     鍐崇瓥: query_previous_data
     鍘熷洜: 鎶ュ憡绫诲瀷涓簑eekly锛岄渶瑕佷笂鏈熷姣?
  2. handle_retry
     鍐崇瓥: generate_report
     鍘熷洜: 璐ㄩ噺璇勪及鏈€氳繃锛屽皾璇曢噸鏂扮敓鎴?
  3. handle_retry
     鍐崇瓥: generate_report
     鍘熷洜: 璐ㄩ噺璇勪及鏈€氳繃锛屽皾璇曢噸鏂扮敓鎴?
  4. handle_retry
     鍐崇瓥: generate_report
     鍘熷洜: 璐ㄩ噺璇勪及鏈€氳繃锛屽皾璇曢噸鏂扮敓鎴?

馃搫 鎶ュ憡鍐呭棰勮 (鍓?00瀛楃):
--------------------------------------------------------------------------------
{"report_type": "markdown", "content": "# 馃搱 璧勪骇鍛ㄦ姤(2025-11-10~2025-11-16)\n\n## 馃搵 鎵ц鎽樿\n\n鏍稿績鍙戠幇锛氭湰鍛ㄥ浐瀹氳祫浜т环鍊间繚鎸佷笉鍙橈紝鏀跺叆涓洪浂锛涜櫄鎷熻祫浜у埄鐢ㄧ巼淇濇寔绋冲畾锛屾棤娴垂銆俓n\n鏈懆姒傝锛歕n馃挵鍥哄畾璧勪骇1椤孤?00,000 馃挼鏀跺叆楼0\n馃挸铏氭嫙璧勪骇1椤?鍒╃敤鐜?0.4% 娴垂鐜?.0% 娴垂楼0\n\n鍏抽敭鍙樺寲锛歕n- 鍥哄畾璧勪骇浠峰€拣煋夋棤鍙樺寲 (楼100,000)\n- 鏀跺叆馃搲鏃犲彉鍖?(楼0)\n- 铏氭嫙璧勪骇鍒╃敤鐜囸煙繚鎸佺ǔ瀹?(30.4%)\n\n---\n\n## 馃幆 鏍稿績鎸囨爣\n\n| 鎸囨爣 | 鏈湡 | 涓婃湡 | 鍙樺寲 | 瓒嬪娍 |\n|------|------|------|------|------|\n| 馃挵鍥哄畾璧勪骇 | 楼100,000 | 楼100,000 | 0.0% | 馃搲 |\n| 馃挼鏀跺叆 | 楼0 | 楼12,000 | -100.0% | 馃搲 |\n| 馃搳鍒╃敤鐜?| 30.43% | 30.4% | 0.0% | 馃煝 |\n| 馃敶娴垂鐜?| 0.0% | 0.0% | 0.0%
...
--------------------------------------------------------------------------------

================================================================================
鉁?娴嬭瘯瀹屾垚锛?
================================================================================


馃帀馃帀馃帀馃帀馃帀馃帀馃帀馃帀馃帀馃帀馃帀馃帀馃帀馃帀馃帀馃帀馃帀馃帀馃帀馃帀馃帀馃帀馃帀馃帀馃帀馃帀馃帀馃帀馃帀馃帀馃帀馃帀馃帀馃帀馃帀馃帀馃帀馃帀馃帀馃帀
娴嬭瘯鎵ц瀹屾垚锛佹煡鐪嬩笂鏂硅緭鍑轰簡瑙ｈ缁嗕俊鎭?
馃帀馃帀馃帀馃帀馃帀馃帀馃帀馃帀馃帀馃帀馃帀馃帀馃帀馃帀馃帀馃帀馃帀馃帀馃帀馃帀馃帀馃帀馃帀馃帀馃帀馃帀馃帀馃帀馃帀馃帀馃帀馃帀馃帀馃帀馃帀馃帀馃帀馃帀馃帀馃帀

